// Jest Snapshot v1, https://goo.gl/fbAQLP

exports[`CheckboxField renders correctly 1`] = `
.c0 {
  line-height: 1.25rem;
}

.c0 .checkbox-field__description,
.c0 .checkbox-field__error-msg {
  margin-top: 1.25rem;
  padding-right: 3.125rem;
  font-size: 0.875rem;
}

.c0 .checkbox-field__description__description,
.c0 .checkbox-field__error-msg__description {
  display: block;
}

.c0 .checkbox-field__description__error-msg,
.c0 .checkbox-field__error-msg__error-msg {
  color: #EB4820;
}

.c1 {
  position: relative;
  cursor: pointer;
  min-height: 1.25rem;
  padding-left: 1.25rem;
  display: -webkit-box;
  display: -webkit-flex;
  display: -ms-flexbox;
  display: flex;
  -webkit-flex-direction: row;
  -ms-flex-direction: row;
  flex-direction: row;
  -webkit-box-pack: initial;
  -webkit-justify-content: initial;
  -ms-flex-pack: initial;
  justify-content: initial;
  -webkit-align-items: center;
  -webkit-box-align: center;
  -ms-flex-align: center;
  align-items: center;
}

.c1 > input {
  display: none;
}

.c1:before {
  content: '';
  display: inline-block;
  box-sizing: border-box;
  border: #4E606A solid 0.0625rem;
  position: absolute;
  top: 0;
  left: 0;
  width: 1.25rem;
  height: 1.25rem;
}

.c1 > span {
  line-height: 1.25rem;
}

.c1.checked:after {
  background: url('assets/icons/checkmark.svg') 100% no-repeat;
  content: '';
  width: 0.8125rem;
  height: 0.5625rem;
  position: absolute;
  top: 0.34375rem;
  left: 0.1875rem;
}

.c1.label--has-label-text {
  padding-left: 1.75rem;
}

.c1.label--has-error > input {
  color: #EB4820;
}

.c1.label--has-error:before {
  border: #EB4820 solid 0.0625rem;
}

.c1.label--left {
  padding: 0 1.75rem 0 0;
}

.c1.label--left:before {
  position: absolute;
  top: 0;
  right: 0;
  left: auto;
}

.c1.label--left.checked:after {
  position: absolute;
  top: 0.34375rem;
  right: 0.25rem;
  left: auto;
}

<div
  className="c0"
>
  <label
    className="c1"
  >
    <input
      checked={false}
      onChange={[Function]}
      type="checkbox"
    />
  </label>
  
</div>
`;
