// Jest Snapshot v1, https://goo.gl/fbAQLP

exports[`InfoBox renders correctly 1`] = `
.c0 {
  position: relative;
  padding: 1.125rem 1.875rem 1rem 1.875rem;
}

.c0.info-box--has-icon {
  padding: 1.125rem 1.875rem 1rem 3.125rem;
}

.c0 .info-box__icon {
  width: 1.375rem;
  height: 1.375rem;
  position: absolute;
  top: 0.625rem;
  left: 0.8125rem;
}

<div
  className="c0"
>
  <p>
    Lorem ipsum dolor sit amet, consectetur adipiscing elit, sed do eiusmod tempor incididunt ut labore et dolore magna aliqua.
  </p>
</div>
`;
