// Jest Snapshot v1, https://goo.gl/fbAQLP

exports[`HeroImage renders correctly 1`] = `
.c0 {
  height: 100%;
  background: url('') no-repeat center center fixed;
  background-size: cover;
}

<div
  className="c0"
/>
`;
