// Jest Snapshot v1, https://goo.gl/fbAQLP

exports[`TagInput renders correctly 1`] = `
.c0 label,
.c0 .tags-error {
  font-size: 0.875rem;
  line-height: 1.25rem;
  font-weight: 500;
}

.c0 label {
  display: block;
  margin-bottom: 1.5rem;
}

.c0 .tags-label--error {
  margin-bottom: 0;
}

.c0 .tags-error {
  color: #eb4820;
  margin-top: 0.25rem;
}

.c0 .tags-input {
  border-bottom: solid 1px #95a1a6;
}

.c0 .tags-input__wrapper {
  font-size: 1rem;
  line-height: 1.4375rem;
  margin: 0 -0.25rem;
  position: relative;
  padding-bottom: 0.75rem;
  min-height: 1.5625rem;
  height: auto;
  box-sizing: content-box;
  display: -webkit-box;
  display: -webkit-flex;
  display: -ms-flexbox;
  display: flex;
  -webkit-align-items: flex-start;
  -webkit-box-align: flex-start;
  -ms-flex-align: flex-start;
  align-items: flex-start;
  -webkit-flex-wrap: wrap;
  -ms-flex-wrap: wrap;
  flex-wrap: wrap;
}

.c0 .tags-input__wrapper > * {
  margin: 0.25rem;
}

.c0 .tags-input__wrapper input {
  width: 140px;
  height: 25px;
  font: inherit;
  color: #95a1a6;
  border: none;
}

.c0 .tags-input__wrapper input:focus {
  outline: none;
}

.c0 .tags-input__wrapper input:focus + .tags-input__placeholder {
  display: none;
}

.c0 .tags-input__entry {
  display: -webkit-box;
  display: -webkit-flex;
  display: -ms-flexbox;
  display: flex;
  -webkit-flex-direction: row;
  -ms-flex-direction: row;
  flex-direction: row;
  -webkit-box-pack: center;
  -webkit-justify-content: center;
  -ms-flex-pack: center;
  justify-content: center;
  -webkit-align-items: center;
  -webkit-box-align: center;
  -ms-flex-align: center;
  align-items: center;
  min-height: 1.5625rem;
  padding: 0 0.5rem;
  color: #95a1a6;
  border: solid 1px;
  word-break: break-word;
}

.c0 .tags-input__entry--error {
  border-color: #eb4820;
}

.c0 .tags-input__entry > button {
  width: 20px;
  height: 20px;
  cursor: pointer;
  display: -webkit-box;
  display: -webkit-flex;
  display: -ms-flexbox;
  display: flex;
  -webkit-align-items: center;
  -webkit-box-align: center;
  -ms-flex-align: center;
  align-items: center;
  padding: 0;
  background: none;
  margin-left: 0.5rem;
  border: none;
}

.c0 .tags-input__entry > button:focus {
  outline: none;
}

.c0 .tags-input__entry > button i.close {
  width: 100%;
  height: 100%;
  display: inline-block;
  position: relative;
}

.c0 .tags-input__entry > button i.close::before,
.c0 .tags-input__entry > button i.close::after {
  width: 12px;
  height: 2px;
  position: absolute;
  top: 50%;
  right: 50%;
  content: '';
  background-color: #10a5b5;
}

.c0 .tags-input__entry > button i.close::before {
  -webkit-transform: translate(50%,-50%) rotateZ(45deg);
  -ms-transform: translate(50%,-50%) rotateZ(45deg);
  transform: translate(50%,-50%) rotateZ(45deg);
}

.c0 .tags-input__entry > button i.close::after {
  -webkit-transform: translate(50%,-50%) rotateZ(-45deg);
  -ms-transform: translate(50%,-50%) rotateZ(-45deg);
  transform: translate(50%,-50%) rotateZ(-45deg);
}

.c0 .tags-input__placeholder {
  position: absolute;
  color: #95a1a6;
  opacity: 0.5;
}

<div
  className="c0"
>
  <div
    className="tags-input"
    onClick={[Function]}
  >
    <div
      className="tags-input__wrapper"
    >
      <input
        onBlur={[Function]}
        onChange={[Function]}
        onKeyDown={[Function]}
        value=""
      />
      <span
        className="tags-input__placeholder"
      >
        tags
      </span>
    </div>
  </div>
</div>
`;
