// Jest Snapshot v1, https://goo.gl/fbAQLP

exports[`InfoBox renders correctly 1`] = `
.c1 {
  display: -webkit-box;
  display: -webkit-flex;
  display: -ms-flexbox;
  display: flex;
  font-size: 1rem;
}

.c0 {
  position: relative;
  border: 0.03125rem solid #95A1A6;
  background-color: #FFF;
  padding: 1.125rem 1.875rem 1rem 1.875rem;
}

.c0.info-box--has-icon {
  padding: 1.125rem 1.875rem 1rem 3.125rem;
}

.c0 .info-box__icon {
  color: #00a5b5;
  width: 1.375rem;
  height: 1.375rem;
  position: absolute;
  top: 0.625rem;
  left: 0.8125rem;
}

<div
  className="c0 info-box--has-icon"
>
  <div
    className="c1 info-box__icon"
  >
    <svg
      aria-hidden="true"
      className="svg-inline--fa fa-question-circle fa-w-16 fa-1x "
      data-icon="question-circle"
      data-prefix="fal"
      focusable="false"
      role="img"
      style={Object {}}
      viewBox="0 0 512 512"
      xmlns="http://www.w3.org/2000/svg"
    >
      <path
        d="M256 340c-15.464 0-28 12.536-28 28s12.536 28 28 28 28-12.536 28-28-12.536-28-28-28zm7.67-24h-16c-6.627 0-12-5.373-12-12v-.381c0-70.343 77.44-63.619 77.44-107.408 0-20.016-17.761-40.211-57.44-40.211-29.144 0-44.265 9.649-59.211 28.692-3.908 4.98-11.054 5.995-16.248 2.376l-13.134-9.15c-5.625-3.919-6.86-11.771-2.645-17.177C185.658 133.514 210.842 116 255.67 116c52.32 0 97.44 29.751 97.44 80.211 0 67.414-77.44 63.849-77.44 107.408V304c0 6.627-5.373 12-12 12zM256 40c118.621 0 216 96.075 216 216 0 119.291-96.61 216-216 216-119.244 0-216-96.562-216-216 0-119.203 96.602-216 216-216m0-32C119.043 8 8 119.083 8 256c0 136.997 111.043 248 248 248s248-111.003 248-248C504 119.083 392.957 8 256 8z"
        fill="currentColor"
        style={Object {}}
      />
    </svg>
  </div>
  <p>
    Lorem ipsum dolor sit amet, consectetur adipiscing elit, sed do eiusmod tempor incididunt ut labore et dolore magna aliqua.
  </p>
</div>
`;
