// Jest Snapshot v1, https://goo.gl/fbAQLP

exports[`Footer renders correctly 1`] = `
.c0 {
  background-color: inherit;
}

.c0 .footer__container {
  display: -webkit-box;
  display: -webkit-flex;
  display: -ms-flexbox;
  display: flex;
  -webkit-flex-direction: row;
  -ms-flex-direction: row;
  flex-direction: row;
  -webkit-box-pack: justify;
  -webkit-justify-content: space-between;
  -ms-flex-pack: justify;
  justify-content: space-between;
  -webkit-align-items: center;
  -webkit-box-align: center;
  -ms-flex-align: center;
  align-items: center;
  position: relative;
  height: 10rem;
  padding-top: 3.125rem;
}

.c0 .footer__container__logo {
  position: absolute;
  top: 0;
  left: 0;
  -webkit-transform: translateY(-50%);
  -ms-transform: translateY(-50%);
  transform: translateY(-50%);
}

.c0 .footer__container__left-content > * {
  margin: 0 0 1.5rem 0;
}

.c0 .footer__container__left-content > :last-child {
  margin: 0;
}

.c0 .footer__container__right-content {
  display: -webkit-box;
  display: -webkit-flex;
  display: -ms-flexbox;
  display: flex;
  -webkit-flex-direction: column;
  -ms-flex-direction: column;
  flex-direction: column;
  -webkit-box-pack: center;
  -webkit-justify-content: center;
  -ms-flex-pack: center;
  justify-content: center;
  -webkit-align-items: flex-end;
  -webkit-box-align: flex-end;
  -ms-flex-align: flex-end;
  align-items: flex-end;
  color: white;
}

.c0 .footer__container__right-content > * {
  margin: 0 0 1.25rem 0;
}

.c0 .footer__container__right-content > :last-child {
  margin: 0;
}

.c0 .footer__container__right-content__copyrights {
  white-space: pre-wrap;
  text-align: right;
  font-size: 0.875rem;
}

.c3 {
  padding: 0;
  margin: 0;
  color: #00a5b5;
}

.c4 {
  display: -webkit-box;
  display: -webkit-flex;
  display: -ms-flexbox;
  display: flex;
  font-size: 1.1875rem;
}

.c1 > a {
  color: #cdd5d8;
  font-weight: 500;
  -webkit-text-decoration: none;
  text-decoration: none;
}

.c1 > a span:first-child {
  padding-right: 6px;
}

.c1 > a:not(:last-child) {
  margin-right: 6px;
}

.c1.nav--light > a {
  color: #FFF;
}

.c1.nav--dark > a {
  color: #4E606A;
}

.c1.nav--vertical {
  display: -webkit-box;
  display: -webkit-flex;
  display: -ms-flexbox;
  display: flex;
  -webkit-flex-direction: column;
  -ms-flex-direction: column;
  flex-direction: column;
  -webkit-box-pack: center;
  -webkit-justify-content: center;
  -ms-flex-pack: center;
  justify-content: center;
  -webkit-align-items: center;
  -webkit-box-align: center;
  -ms-flex-align: center;
  align-items: center;
  width: 100%;
  -webkit-text-decoration: underline;
  text-decoration: underline;
  font-size: 1.125rem;
}

.c1.nav--vertical > :first-child {
  max-width: 100%;
  width: 100%;
}

.c1.nav--vertical > * {
  margin: 0 0 0.9375rem 0;
}

.c1.nav--vertical > :last-child {
  margin: 0;
}

.c1.nav--vertical > a {
  font-weight: inherit;
}

.c1.nav--vertical .nav__delimiter {
  display: none;
}

.c1.nav--secondary a {
  font-weight: normal;
}

.c1.nav--secondary a span {
  font-size: 0.875rem;
  color: #cdd5d8;
}

.c2 {
  display: -webkit-box;
  display: -webkit-flex;
  display: -ms-flexbox;
  display: flex;
  -webkit-flex-direction: row;
  -ms-flex-direction: row;
  flex-direction: row;
  -webkit-box-pack: justify;
  -webkit-justify-content: space-between;
  -ms-flex-pack: justify;
  justify-content: space-between;
  -webkit-align-items: initial;
  -webkit-box-align: initial;
  -ms-flex-align: initial;
  align-items: initial;
}

.c2 > * {
  margin: 0 2rem 0 0;
}

.c2 > :last-child {
  margin: 0;
}

.c2 a {
  width: 1.1875rem;
  height: 1.1875rem;
}

@media (max-width:767px) {
  .c0 .footer__container {
    display: -webkit-box;
    display: -webkit-flex;
    display: -ms-flexbox;
    display: flex;
    -webkit-flex-direction: column;
    -ms-flex-direction: column;
    flex-direction: column;
    -webkit-box-pack: initial;
    -webkit-justify-content: initial;
    -ms-flex-pack: initial;
    justify-content: initial;
    -webkit-align-items: initial;
    -webkit-box-align: initial;
    -ms-flex-align: initial;
    align-items: initial;
    height: -webkit-fit-content;
    height: -moz-fit-content;
    height: fit-content;
    padding: 5rem 2rem 2rem 2rem;
  }

  .c0 .footer__container > * {
    margin: 0 0 2.25rem 0;
  }

  .c0 .footer__container > :last-child {
    margin: 0;
  }
}

@media (max-width:767px) {
  .c0 .footer__container__logo {
    left: 2rem;
  }
}

@media (max-width:767px) {
  .c0 .footer__container__left-content > * {
    margin: 0 0 3.75rem 0;
  }

  .c0 .footer__container__left-content > :last-child {
    margin: 0;
  }
}

@media (max-width:767px) {
  .c0 .footer__container__right-content {
    display: -webkit-box;
    display: -webkit-flex;
    display: -ms-flexbox;
    display: flex;
    -webkit-flex-direction: column;
    -ms-flex-direction: column;
    flex-direction: column;
    -webkit-box-pack: center;
    -webkit-justify-content: center;
    -ms-flex-pack: center;
    justify-content: center;
    -webkit-align-items: center;
    -webkit-box-align: center;
    -ms-flex-align: center;
    align-items: center;
    text-align: center;
  }
}

@media (max-width:767px) {
  .c0 .footer__container__right-content__copyrights {
    text-align: center;
  }
}

@media (max-width:767px) {
  .c1 {
    display: -webkit-box;
    display: -webkit-flex;
    display: -ms-flexbox;
    display: flex;
    -webkit-flex-direction: column;
    -ms-flex-direction: column;
    flex-direction: column;
    -webkit-box-pack: center;
    -webkit-justify-content: center;
    -ms-flex-pack: center;
    justify-content: center;
    -webkit-align-items: flex-start;
    -webkit-box-align: flex-start;
    -ms-flex-align: flex-start;
    align-items: flex-start;
  }

  .c1 > * {
    margin: 0 0 1.5rem 0;
  }

  .c1 > :last-child {
    margin: 0;
  }
}

@media (max-width:767px) {
  .c1 .nav__delimiter {
    display: none;
  }
}

<footer
  className="c0"
>
  <div
    className="footer__container"
  >
    <img
      alt="Logo"
      className="footer__container__logo"
      src="/assets/images/Logo.png"
      width="100px"
    />
    <div
      className="footer__container__left-content"
    >
      <nav
        className="c1 nav nav--light"
      >
        <a
          href=""
        >
          <span>
            faxinav_about
          </span>
          <span
            className="nav__delimiter"
          >
            |
          </span>
        </a>
        <a
          href=""
        >
          <span>
            faxinav_pricing
          </span>
          <span
            className="nav__delimiter"
          >
            |
          </span>
        </a>
        <a
          href=""
        >
          <span>
            faqs
          </span>
          <span
            className="nav__delimiter"
          >
            |
          </span>
        </a>
        <a
          href=""
        >
          <span>
            faxinav_blog
          </span>
          <span
            className="nav__delimiter"
          >
            |
          </span>
        </a>
        <a
          href=""
        >
          <span>
            ContactUs
          </span>
        </a>
      </nav>
      <nav
        className="c1 nav nav--secondary nav--light"
      >
        <a
          href=""
        >
          <span>
            register_privacy_and_policy
          </span>
          <span
            className="nav__delimiter"
          >
            |
          </span>
        </a>
        <a
          href=""
        >
          <span>
            TermsCondition
          </span>
          <span
            className="nav__delimiter"
          >
            |
          </span>
        </a>
        <a
          href=""
        >
          <span>
            register_cookie_policy
          </span>
        </a>
      </nav>
    </div>
    <div
      className="footer__container__right-content"
    >
      <div
        className="c2"
      >
        <a
          className="c3"
          href="/"
          target="_blank"
        >
          <div
            className="c4"
            size="1.1875rem"
          >
            <svg
              aria-hidden="true"
              className="svg-inline--fa fa-linkedin fa-w-14 fa-1x "
              color="#81c8d1"
              data-icon="linkedin"
              data-prefix="fab"
              focusable="false"
              role="img"
              style={Object {}}
              viewBox="0 0 448 512"
              xmlns="http://www.w3.org/2000/svg"
            >
              <path
                d="M416 32H31.9C14.3 32 0 46.5 0 64.3v383.4C0 465.5 14.3 480 31.9 480H416c17.6 0 32-14.5 32-32.3V64.3c0-17.8-14.4-32.3-32-32.3zM135.4 416H69V202.2h66.5V416zm-33.2-243c-21.3 0-38.5-17.3-38.5-38.5S80.9 96 102.2 96c21.2 0 38.5 17.3 38.5 38.5 0 21.3-17.2 38.5-38.5 38.5zm282.1 243h-66.4V312c0-24.8-.5-56.7-34.5-56.7-34.6 0-39.9 27-39.9 54.9V416h-66.4V202.2h63.7v29.2h.9c8.9-16.8 30.6-34.5 62.9-34.5 67.2 0 79.7 44.3 79.7 101.9V416z"
                fill="currentColor"
                style={Object {}}
              />
            </svg>
          </div>
        </a>
        <a
          className="c3"
          href="/"
          target="_blank"
        >
          <div
            className="c4"
            size="1.1875rem"
          >
            <svg
              aria-hidden="true"
              className="svg-inline--fa fa-twitter fa-w-16 fa-1x "
              color="#81c8d1"
              data-icon="twitter"
              data-prefix="fab"
              focusable="false"
              role="img"
              style={Object {}}
              viewBox="0 0 512 512"
              xmlns="http://www.w3.org/2000/svg"
            >
              <path
                d="M459.37 151.716c.325 4.548.325 9.097.325 13.645 0 138.72-105.583 298.558-298.558 298.558-59.452 0-114.68-17.219-161.137-47.106 8.447.974 16.568 1.299 25.34 1.299 49.055 0 94.213-16.568 130.274-44.832-46.132-.975-84.792-31.188-98.112-72.772 6.498.974 12.995 1.624 19.818 1.624 9.421 0 18.843-1.3 27.614-3.573-48.081-9.747-84.143-51.98-84.143-102.985v-1.299c13.969 7.797 30.214 12.67 47.431 13.319-28.264-18.843-46.781-51.005-46.781-87.391 0-19.492 5.197-37.36 14.294-52.954 51.655 63.675 129.3 105.258 216.365 109.807-1.624-7.797-2.599-15.918-2.599-24.04 0-57.828 46.782-104.934 104.934-104.934 30.213 0 57.502 12.67 76.67 33.137 23.715-4.548 46.456-13.32 66.599-25.34-7.798 24.366-24.366 44.833-46.132 57.827 21.117-2.273 41.584-8.122 60.426-16.243-14.292 20.791-32.161 39.308-52.628 54.253z"
                fill="currentColor"
                style={Object {}}
              />
            </svg>
          </div>
        </a>
        <a
          className="c3"
          href="/"
          target="_blank"
        >
          <div
            className="c4"
            size="1.1875rem"
          >
            <svg
              aria-hidden="true"
              className="svg-inline--fa fa-instagram fa-w-14 fa-1x "
              color="#81c8d1"
              data-icon="instagram"
              data-prefix="fab"
              focusable="false"
              role="img"
              style={Object {}}
              viewBox="0 0 448 512"
              xmlns="http://www.w3.org/2000/svg"
            >
              <path
                d="M224.1 141c-63.6 0-114.9 51.3-114.9 114.9s51.3 114.9 114.9 114.9S339 319.5 339 255.9 287.7 141 224.1 141zm0 189.6c-41.1 0-74.7-33.5-74.7-74.7s33.5-74.7 74.7-74.7 74.7 33.5 74.7 74.7-33.6 74.7-74.7 74.7zm146.4-194.3c0 14.9-12 26.8-26.8 26.8-14.9 0-26.8-12-26.8-26.8s12-26.8 26.8-26.8 26.8 12 26.8 26.8zm76.1 27.2c-1.7-35.9-9.9-67.7-36.2-93.9-26.2-26.2-58-34.4-93.9-36.2-37-2.1-147.9-2.1-184.9 0-35.8 1.7-67.6 9.9-93.9 36.1s-34.4 58-36.2 93.9c-2.1 37-2.1 147.9 0 184.9 1.7 35.9 9.9 67.7 36.2 93.9s58 34.4 93.9 36.2c37 2.1 147.9 2.1 184.9 0 35.9-1.7 67.7-9.9 93.9-36.2 26.2-26.2 34.4-58 36.2-93.9 2.1-37 2.1-147.8 0-184.8zM398.8 388c-7.8 19.6-22.9 34.7-42.6 42.6-29.5 11.7-99.5 9-132.1 9s-102.7 2.6-132.1-9c-19.6-7.8-34.7-22.9-42.6-42.6-11.7-29.5-9-99.5-9-132.1s-2.6-102.7 9-132.1c7.8-19.6 22.9-34.7 42.6-42.6 29.5-11.7 99.5-9 132.1-9s102.7-2.6 132.1 9c19.6 7.8 34.7 22.9 42.6 42.6 11.7 29.5 9 99.5 9 132.1s2.7 102.7-9 132.1z"
                fill="currentColor"
                style={Object {}}
              />
            </svg>
          </div>
        </a>
      </div>
      <p
        className="footer__container__right-content__copyrights"
      >
        kintofooter_all_rights_reserved
      </p>
    </div>
  </div>
</footer>
`;
