// Jest Snapshot v1, https://goo.gl/fbAQLP

exports[`SubNavigation renders correctly 1`] = `
.c0 > a {
  color: #cdd5d8;
  font-weight: 500;
  -webkit-text-decoration: none;
  text-decoration: none;
}

.c0 > a span:first-child {
  padding-right: 6px;
}

.c0 > a:not(:last-child) {
  margin-right: 6px;
}

.c0.nav--light > a {
  color: #FFF;
}

.c0.nav--dark > a {
  color: #4E606A;
}

.c0.nav--vertical {
  display: -webkit-box;
  display: -webkit-flex;
  display: -ms-flexbox;
  display: flex;
  -webkit-flex-direction: column;
  -ms-flex-direction: column;
  flex-direction: column;
  -webkit-box-pack: center;
  -webkit-justify-content: center;
  -ms-flex-pack: center;
  justify-content: center;
  -webkit-align-items: center;
  -webkit-box-align: center;
  -ms-flex-align: center;
  align-items: center;
  width: 100%;
  -webkit-text-decoration: underline;
  text-decoration: underline;
  font-size: 1.125rem;
}

.c0.nav--vertical > :first-child {
  max-width: 100%;
  width: 100%;
}

.c0.nav--vertical > * {
  margin: 0 0 0.9375rem 0;
}

.c0.nav--vertical > :last-child {
  margin: 0;
}

.c0.nav--vertical > a {
  font-weight: inherit;
}

.c0.nav--vertical .nav__delimiter {
  display: none;
}

.c0.nav--secondary a {
  font-weight: normal;
}

.c0.nav--secondary a span {
  font-size: 0.875rem;
  color: #cdd5d8;
}

@media (max-width:767px) {
  .c0 {
    display: -webkit-box;
    display: -webkit-flex;
    display: -ms-flexbox;
    display: flex;
    -webkit-flex-direction: column;
    -ms-flex-direction: column;
    flex-direction: column;
    -webkit-box-pack: center;
    -webkit-justify-content: center;
    -ms-flex-pack: center;
    justify-content: center;
    -webkit-align-items: flex-start;
    -webkit-box-align: flex-start;
    -ms-flex-align: flex-start;
    align-items: flex-start;
  }

  .c0 > * {
    margin: 0 0 1.5rem 0;
  }

  .c0 > :last-child {
    margin: 0;
  }
}

@media (max-width:767px) {
  .c0 .nav__delimiter {
    display: none;
  }
}

<nav
  className="c0 nav"
>
  <a
    href=""
  >
    <span>
      Test 1
    </span>
    <span
      className="nav__delimiter"
    >
      |
    </span>
  </a>
  <a
    href=""
  >
    <span>
      Test 2
    </span>
    <span
      className="nav__delimiter"
    >
      |
    </span>
  </a>
  <a
    href=""
  >
    <span>
      Test 3
    </span>
    <span
      className="nav__delimiter"
    >
      |
    </span>
  </a>
  <a
    href=""
  >
    <span>
      Test 4
    </span>
  </a>
</nav>
`;
