// Jest Snapshot v1, https://goo.gl/fbAQLP

exports[`InputField renders correctly 1`] = `
.c0 > * {
  margin: 0 0 0.625rem 0;
}

.c0 > :last-child {
  margin: 0;
}

.c0 .input__description-msg {
  color: #95A1A6;
  line-height: 1.25rem;
}

.c0 .input__error-msg {
  font-size: 0.875rem;
  color: #EB4820;
}

.c1 {
  width: 100%;
}

.c1 > * {
  margin: 0 0 0.625rem 0;
}

.c1 > :last-child {
  margin: 0;
}

.c1 > label {
  color: #4E606A;
  display: -webkit-inline-box;
  display: -webkit-inline-flex;
  display: -ms-inline-flexbox;
  display: inline-flex;
  height: 24px;
  -webkit-align-items: flex-end;
  -webkit-box-align: flex-end;
  -ms-flex-align: flex-end;
  align-items: flex-end;
  margin-bottom: 5px;
  font-size: 1rem;
  line-height: 16px;
}

.c1 > input {
  width: 100%;
  height: 2.8125rem;
  padding: 0.5rem 1rem 0.5rem 1rem;
  box-shadow: 0.03125rem 0.03125rem 0.078125rem #00000029;
  border: 0.0625rem solid #95A1A6;
  outline: none;
}

.c1 > input.input--error {
  border: 0.0625rem solid #EB4820;
}

.c1 > input:focus,
.c1 > input.input--error {
  box-shadow: none;
}

<div
  className="c0"
>
  <div
    className="c1"
  >
    <input
      className=""
      onChange={[Function]}
      onKeyPress={[Function]}
      type="text"
      value=""
    />
  </div>
  
  
</div>
`;
