// Jest Snapshot v1, https://goo.gl/fbAQLP

exports[`Footer renders correctly 1`] = `
.c0 {
  background-color: inherit;
  font-size: 1.1875rem;
}

.c0 .footer__container {
  display: -webkit-box;
  display: -webkit-flex;
  display: -ms-flexbox;
  display: flex;
  -webkit-flex-direction: column;
  -ms-flex-direction: column;
  flex-direction: column;
  -webkit-box-pack: justify;
  -webkit-justify-content: space-between;
  -ms-flex-pack: justify;
  justify-content: space-between;
  -webkit-align-items: initial;
  -webkit-box-align: initial;
  -ms-flex-align: initial;
  align-items: initial;
}

.c0 .footer__container__logo {
  margin-bottom: 2.8125rem;
}

.c0 .footer__container__links-and-rights {
  display: -webkit-box;
  display: -webkit-flex;
  display: -ms-flexbox;
  display: flex;
  -webkit-flex-direction: row;
  -ms-flex-direction: row;
  flex-direction: row;
  -webkit-box-pack: justify;
  -webkit-justify-content: space-between;
  -ms-flex-pack: justify;
  justify-content: space-between;
  -webkit-align-items: initial;
  -webkit-box-align: initial;
  -ms-flex-align: initial;
  align-items: initial;
  color: white;
}

.c0 .footer__container__links-and-rights > * {
  margin: 0 0 3.125rem 0;
}

.c0 .footer__container__links-and-rights > :last-child {
  margin: 0;
}

.c0 .footer__container__copyrights {
  white-space: pre-wrap;
  text-align: right;
  font-size: 1.1875rem;
}

.c1 > a {
  -webkit-text-decoration: none;
  text-decoration: none;
}

.c1 > a span:first-child {
  padding-right: 0.375rem;
}

.c1 > a:not(:last-child) {
  margin-right: 0.375rem;
}

.c1.nav--vertical {
  display: -webkit-box;
  display: -webkit-flex;
  display: -ms-flexbox;
  display: flex;
  -webkit-flex-direction: column;
  -ms-flex-direction: column;
  flex-direction: column;
  -webkit-box-pack: center;
  -webkit-justify-content: center;
  -ms-flex-pack: center;
  justify-content: center;
  -webkit-align-items: center;
  -webkit-box-align: center;
  -ms-flex-align: center;
  align-items: center;
  -webkit-text-decoration: underline;
  text-decoration: underline;
}

.c1.nav--vertical > * {
  margin: 0 0 0.9375rem 0;
}

.c1.nav--vertical > :last-child {
  margin: 0;
}

.c1.nav--vertical .nav__delimiter {
  display: none;
}

@media (max-width:767px) {
  .c0 .footer__container {
    display: -webkit-box;
    display: -webkit-flex;
    display: -ms-flexbox;
    display: flex;
    -webkit-flex-direction: column;
    -ms-flex-direction: column;
    flex-direction: column;
    -webkit-box-pack: initial;
    -webkit-justify-content: initial;
    -ms-flex-pack: initial;
    justify-content: initial;
    -webkit-align-items: initial;
    -webkit-box-align: initial;
    -ms-flex-align: initial;
    align-items: initial;
  }

  .c0 .footer__container > * {
    margin: 0 0 2.5rem 0;
  }

  .c0 .footer__container > :last-child {
    margin: 0;
  }
}

@media (max-width:1279px) {
  .c0 .footer__container__logo {
    width: 9.375rem;
    height: 4.6875rem;
  }
}

@media (max-width:767px) {
  .c0 .footer__container__logo {
    width: 6.25rem;
    height: 3.125rem;
  }
}

@media (max-width:1279px) {
  .c0 .footer__container__links-and-rights {
    font-size: 1rem;
  }
}

@media (max-width:767px) {
  .c0 .footer__container__links-and-rights {
    display: -webkit-box;
    display: -webkit-flex;
    display: -ms-flexbox;
    display: flex;
    -webkit-flex-direction: column;
    -ms-flex-direction: column;
    flex-direction: column;
    -webkit-box-pack: initial;
    -webkit-justify-content: initial;
    -ms-flex-pack: initial;
    justify-content: initial;
    -webkit-align-items: flex-start;
    -webkit-box-align: flex-start;
    -ms-flex-align: flex-start;
    align-items: flex-start;
    font-size: 0.875rem;
  }
}

@media (max-width:1279px) {
  .c0 .footer__container__copyrights {
    font-size: 1rem;
  }
}

@media (max-width:767px) {
  .c0 .footer__container__copyrights {
    text-align: center;
    width: 100%;
    font-size: 0.875rem;
  }
}

@media (max-width:767px) {
  .c1 {
    display: -webkit-box;
    display: -webkit-flex;
    display: -ms-flexbox;
    display: flex;
    -webkit-flex-direction: column;
    -ms-flex-direction: column;
    flex-direction: column;
    -webkit-box-pack: center;
    -webkit-justify-content: center;
    -ms-flex-pack: center;
    justify-content: center;
    -webkit-align-items: flex-start;
    -webkit-box-align: flex-start;
    -ms-flex-align: flex-start;
    align-items: flex-start;
  }

  .c1 > * {
    margin: 0 0 1.5rem 0;
  }

  .c1 > :last-child {
    margin: 0;
  }
}

@media (max-width:767px) {
  .c1 .nav__delimiter {
    display: none;
  }
}

<footer
  className="c0"
>
  <div
    className="footer__container"
  >
    <div
      className="footer__container__links-and-rights"
    >
      <nav
        className="c1 nav"
      >
        <a
          href=""
          target="_blank"
        >
          <span>
            
          </span>
        </a>
      </nav>
      <p
        className="footer__container__copyrights"
      />
    </div>
  </div>
</footer>
`;
