// Jest Snapshot v1, https://goo.gl/fbAQLP

exports[`Image renders correctly 1`] = `
.c0 {
  width: auto;
  height: auto;
}

<img
  alt="avatar"
  className="c0"
  height="auto"
  src="/assets/images/albert.jpg"
  style={
    Object {
      "objectFit": undefined,
    }
  }
  width="auto"
/>
`;
